2025-03-27 17:31:02,461 - __main__ - INFO - Connected to database: D:\Python\Kopitar\kopitar\database\nhl_performance.db
2025-03-27 17:31:04,873 - __main__ - INFO - Database tables created successfully
2025-03-27 17:31:08,057 - __main__ - INFO - Database indexes created successfully
2025-03-27 17:31:08,057 - __main__ - INFO - Import statistics: {'teams': 0, 'schedules': 0, 'players': 0, 'game_logs': 0}
2025-03-27 17:31:08,057 - __main__ - INFO - Database setup complete: D:\Python\Kopitar\kopitar\database\nhl_performance.db
2025-03-27 17:32:03,523 - __main__ - INFO - Connected to database: D:\Python\Kopitar\kopitar\database\nhl_performance.db
2025-03-27 17:32:03,526 - __main__ - INFO - Database tables created successfully
2025-03-27 17:32:03,528 - __main__ - INFO - Database indexes created successfully
2025-03-27 17:32:03,528 - __main__ - INFO - Import statistics: {'teams': 0, 'schedules': 0, 'players': 0, 'game_logs': 0}
2025-03-27 17:32:03,528 - __main__ - INFO - Database setup complete: D:\Python\Kopitar\kopitar\database\nhl_performance.db
2025-03-28 08:05:37,511 - __main__ - INFO - Connected to database: D:\Python\Kopitar\kopitar\database\nhl_performance.db
2025-03-28 08:05:37,514 - __main__ - INFO - Database tables created successfully
2025-03-28 08:05:37,516 - __main__ - INFO - Database indexes created successfully
2025-03-28 08:05:37,516 - __main__ - INFO - Import statistics: {'teams': 0, 'schedules': 0, 'players': 0, 'game_logs': 0}
2025-03-28 08:05:37,517 - __main__ - INFO - Database setup complete: D:\Python\Kopitar\kopitar\database\nhl_performance.db
2025-03-28 08:08:14,219 - __main__ - INFO - Connected to database: D:\Python\Kopitar\kopitar\database\nhl_performance.db
2025-03-28 08:08:14,221 - __main__ - INFO - Database tables created successfully
2025-03-28 08:08:14,222 - __main__ - INFO - Database indexes created successfully
2025-03-28 08:08:14,223 - __main__ - INFO - Import statistics: {'teams': 0, 'schedules': 0, 'players': 0, 'game_logs': 0}
2025-03-28 08:08:14,223 - __main__ - INFO - Database setup complete: D:\Python\Kopitar\kopitar\database\nhl_performance.db
2025-03-28 08:13:40,455 - __main__ - INFO - Connected to database: D:\Python\Kopitar\kopitar\database\nhl_performance.db
2025-03-28 08:13:40,457 - __main__ - INFO - Database tables created successfully
2025-03-28 08:13:40,457 - __main__ - INFO - Database indexes created successfully
2025-03-28 08:13:40,458 - __main__ - INFO - Import statistics: {'teams': 0, 'schedules': 0, 'players': 0, 'game_logs': 0}
2025-03-28 08:13:40,458 - __main__ - INFO - Database setup complete: D:\Python\Kopitar\kopitar\database\nhl_performance.db
2025-03-28 08:14:20,644 - __main__ - INFO - Connected to database: D:\Python\Kopitar\kopitar\database\nhl_performance.db
2025-03-28 08:14:20,645 - __main__ - INFO - Database tables created successfully
2025-03-28 08:14:20,646 - __main__ - INFO - Database indexes created successfully
2025-03-28 08:14:20,646 - __main__ - INFO - Import statistics: {'teams': 0, 'schedules': 0, 'players': 0, 'game_logs': 0}
2025-03-28 08:14:20,646 - __main__ - INFO - Database setup complete: D:\Python\Kopitar\kopitar\database\nhl_performance.db
2025-03-28 08:14:50,061 - __main__ - INFO - Connected to database: D:\Python\Kopitar\kopitar\database\nhl_performance.db
2025-03-28 08:14:50,061 - __main__ - INFO - Database tables created successfully
2025-03-28 08:14:50,063 - __main__ - INFO - Database indexes created successfully
2025-03-28 08:14:50,064 - __main__ - INFO - Import statistics: {'teams': 0, 'schedules': 0, 'players': 0, 'game_logs': 0}
2025-03-28 08:14:50,064 - __main__ - INFO - Database setup complete: D:\Python\Kopitar\kopitar\database\nhl_performance.db
2025-03-28 08:41:53,872 - __main__ - INFO - Connected to database: D:\Python\Kopitar\kopitar\database\nhl_performance.db
2025-03-28 08:41:54,465 - __main__ - INFO - Database tables created successfully
2025-03-28 08:41:54,482 - __main__ - ERROR - Error importing nhl_data_20222023_20232024_RP_GDF_schedules.csv to games table: table games has no column named start_time
2025-03-28 08:41:54,494 - __main__ - ERROR - Error importing D:\Python\Kopitar\kopitar\data\nhl_data_20222023_20232024_RP_GDF_teams.csv to teams: UNIQUE constraint failed: teams.team_id
2025-03-28 08:41:54,514 - __main__ - ERROR - Error importing schedule_R_20222023.csv to games table: table games has no column named start_time
2025-03-28 08:41:54,527 - __main__ - ERROR - Error importing schedule_R_20232024.csv to games table: table games has no column named start_time
2025-03-28 08:41:55,692 - __main__ - INFO - Imported 33 rows from D:\Python\Kopitar\kopitar\data\teams_20222023.csv to teams
2025-03-28 08:41:55,712 - __main__ - ERROR - Error importing D:\Python\Kopitar\kopitar\data\teams_20232024.csv to teams: UNIQUE constraint failed: teams.team_id
2025-03-28 08:41:55,713 - __main__ - INFO - Database indexes created successfully
2025-03-28 08:41:55,713 - __main__ - INFO - Import statistics: {'teams': 1, 'schedules': 0, 'players': 0, 'game_logs': 0}
2025-03-28 08:41:55,713 - __main__ - INFO - Database setup complete: D:\Python\Kopitar\kopitar\database\nhl_performance.db
2025-03-28 10:11:17,633 - __main__ - INFO - Connected to database: D:\Python\Kopitar\kopitar\kopitar/database/nhl_performance.db
2025-03-28 10:11:21,369 - __main__ - INFO - Database tables created successfully
2025-03-28 10:11:21,899 - __main__ - ERROR - Error importing nhl_data_20222023_20232024_RP_GDF_schedules.csv to games table: table games has no column named start_time
2025-03-28 10:11:21,983 - __main__ - ERROR - Error importing D:\Python\Kopitar\kopitar\./data\nhl_data_20222023_20232024_RP_GDF_teams.csv to teams: UNIQUE constraint failed: teams.team_id
2025-03-28 10:11:22,020 - __main__ - ERROR - Error importing schedule_R_20222023.csv to games table: table games has no column named start_time
2025-03-28 10:11:22,181 - __main__ - ERROR - Error importing schedule_R_20232024.csv to games table: table games has no column named start_time
2025-03-28 10:11:23,168 - __main__ - INFO - Imported 33 rows from D:\Python\Kopitar\kopitar\./data\teams_20222023.csv to teams
2025-03-28 10:11:23,253 - __main__ - ERROR - Error importing D:\Python\Kopitar\kopitar\./data\teams_20232024.csv to teams: UNIQUE constraint failed: teams.team_id
2025-03-28 10:11:27,887 - __main__ - INFO - Database indexes created successfully
2025-03-28 10:11:27,887 - __main__ - INFO - Import statistics: {'teams': 1, 'schedules': 0, 'players': 0, 'game_logs': 0}
2025-03-28 10:11:27,888 - __main__ - INFO - Database setup complete: D:\Python\Kopitar\kopitar\kopitar/database/nhl_performance.db
2025-03-28 10:11:55,552 - __main__ - INFO - Removed existing database: D:\Python\Kopitar\kopitar\kopitar/database/nhl_performance.db
2025-03-28 10:11:55,555 - __main__ - INFO - Connected to database: D:\Python\Kopitar\kopitar\kopitar/database/nhl_performance.db
2025-03-28 10:12:02,543 - __main__ - INFO - Database tables created successfully
2025-03-28 10:12:02,606 - __main__ - ERROR - Error importing nhl_data_20222023_20232024_RP_GDF_schedules.csv to games table: table games has no column named distance_traveled
2025-03-28 10:12:02,644 - __main__ - ERROR - Error importing D:\Python\Kopitar\kopitar\./data\nhl_data_20222023_20232024_RP_GDF_teams.csv to teams: UNIQUE constraint failed: teams.team_id
2025-03-28 10:12:02,689 - __main__ - ERROR - Error importing schedule_R_20222023.csv to games table: table games has no column named distance_traveled
2025-03-28 10:12:02,738 - __main__ - ERROR - Error importing schedule_R_20232024.csv to games table: table games has no column named distance_traveled
2025-03-28 10:12:03,381 - __main__ - INFO - Imported 33 rows from D:\Python\Kopitar\kopitar\./data\teams_20222023.csv to teams
2025-03-28 10:12:03,388 - __main__ - ERROR - Error importing D:\Python\Kopitar\kopitar\./data\teams_20232024.csv to teams: UNIQUE constraint failed: teams.team_id
2025-03-28 10:12:08,271 - __main__ - INFO - Database indexes created successfully
2025-03-28 10:12:08,272 - __main__ - INFO - Import statistics: {'teams': 1, 'schedules': 0, 'players': 0, 'game_logs': 0}
2025-03-28 10:12:08,272 - __main__ - INFO - Database setup complete: D:\Python\Kopitar\kopitar\kopitar/database/nhl_performance.db
2025-03-28 10:12:31,420 - __main__ - INFO - Removed existing database: D:\Python\Kopitar\kopitar\kopitar/database/nhl_performance.db
2025-03-28 10:12:31,421 - __main__ - INFO - Connected to database: D:\Python\Kopitar\kopitar\kopitar/database/nhl_performance.db
2025-03-28 10:12:33,239 - __main__ - INFO - Database tables created successfully
2025-03-28 10:12:33,321 - __main__ - ERROR - Error importing nhl_data_20222023_20232024_RP_GDF_schedules.csv to games table: table games has no column named is_back_to_back
2025-03-28 10:12:33,328 - __main__ - ERROR - Error importing D:\Python\Kopitar\kopitar\./data\nhl_data_20222023_20232024_RP_GDF_teams.csv to teams: UNIQUE constraint failed: teams.team_id
2025-03-28 10:12:33,337 - __main__ - ERROR - Error importing schedule_R_20222023.csv to games table: table games has no column named is_back_to_back
2025-03-28 10:12:33,347 - __main__ - ERROR - Error importing schedule_R_20232024.csv to games table: table games has no column named is_back_to_back
2025-03-28 10:12:33,554 - __main__ - INFO - Imported 33 rows from D:\Python\Kopitar\kopitar\./data\teams_20222023.csv to teams
2025-03-28 10:12:33,570 - __main__ - ERROR - Error importing D:\Python\Kopitar\kopitar\./data\teams_20232024.csv to teams: UNIQUE constraint failed: teams.team_id
2025-03-28 10:12:38,964 - __main__ - INFO - Database indexes created successfully
2025-03-28 10:12:38,965 - __main__ - INFO - Import statistics: {'teams': 1, 'schedules': 0, 'players': 0, 'game_logs': 0}
2025-03-28 10:12:38,966 - __main__ - INFO - Database setup complete: D:\Python\Kopitar\kopitar\kopitar/database/nhl_performance.db
2025-03-28 10:13:00,499 - __main__ - INFO - Removed existing database: D:\Python\Kopitar\kopitar\kopitar/database/nhl_performance.db
2025-03-28 10:13:00,501 - __main__ - INFO - Connected to database: D:\Python\Kopitar\kopitar\kopitar/database/nhl_performance.db
2025-03-28 10:13:04,138 - __main__ - INFO - Database tables created successfully
2025-03-28 10:13:04,150 - __main__ - ERROR - Error importing nhl_data_20222023_20232024_RP_GDF_schedules.csv to games table: UNIQUE constraint failed: games.game_id
2025-03-28 10:13:04,157 - __main__ - ERROR - Error importing D:\Python\Kopitar\kopitar\./data\nhl_data_20222023_20232024_RP_GDF_teams.csv to teams: UNIQUE constraint failed: teams.team_id
2025-03-28 10:13:04,301 - __main__ - INFO - Imported 54 rows from schedule_R_20222023.csv to games table
2025-03-28 10:13:04,307 - __main__ - ERROR - Error importing schedule_R_20232024.csv to games table: UNIQUE constraint failed: games.game_id
2025-03-28 10:13:04,462 - __main__ - INFO - Imported 33 rows from D:\Python\Kopitar\kopitar\./data\teams_20222023.csv to teams
2025-03-28 10:13:04,466 - __main__ - ERROR - Error importing D:\Python\Kopitar\kopitar\./data\teams_20232024.csv to teams: UNIQUE constraint failed: teams.team_id
2025-03-28 10:13:10,262 - __main__ - INFO - Database indexes created successfully
2025-03-28 10:13:10,263 - __main__ - INFO - Import statistics: {'teams': 1, 'schedules': 1, 'players': 0, 'game_logs': 0}
2025-03-28 10:13:10,263 - __main__ - INFO - Database setup complete: D:\Python\Kopitar\kopitar\kopitar/database/nhl_performance.db
2025-03-28 10:15:21,111 - __main__ - INFO - Removed existing database: kopitar/database/nhl_performance.db
2025-03-28 10:15:21,111 - __main__ - INFO - Connected to database: kopitar/database/nhl_performance.db
2025-03-28 10:15:24,349 - __main__ - INFO - Database tables created successfully
2025-03-28 10:15:24,351 - __main__ - INFO - Database tables created successfully
2025-03-28 10:15:27,392 - __main__ - INFO - Database indexes created successfully
2025-03-28 10:15:27,394 - __main__ - INFO - Importing data from D:\Python\Kopitar\kopitar\database\data
2025-03-28 10:16:05,416 - __main__ - INFO - Removed existing database: kopitar/database/nhl_performance.db
2025-03-28 10:16:05,425 - __main__ - INFO - Connected to database: kopitar/database/nhl_performance.db
2025-03-28 10:16:10,242 - __main__ - INFO - Database tables created successfully
2025-03-28 10:16:10,243 - __main__ - INFO - Database tables created successfully
2025-03-28 10:16:16,073 - __main__ - INFO - Database indexes created successfully
2025-03-28 10:16:16,093 - __main__ - INFO - Importing data from directory: data
2025-03-28 10:16:16,159 - __main__ - ERROR - Error importing data\nhl_data_20232024_teams.csv to teams: 'REPLACE' is not valid for if_exists
2025-03-28 10:16:16,159 - __main__ - ERROR - Error importing nhl_data_20232024_teams.csv to teams table: 'REPLACE' is not valid for if_exists
2025-03-28 10:16:16,193 - __main__ - ERROR - Error importing data\teams_20232024.csv to teams: 'REPLACE' is not valid for if_exists
2025-03-28 10:16:16,194 - __main__ - ERROR - Error importing teams_20232024.csv to teams table: 'REPLACE' is not valid for if_exists
2025-03-28 10:16:16,213 - __main__ - ERROR - Error importing data\nhl_data_20232024_schedules.csv to games: 'REPLACE' is not valid for if_exists
2025-03-28 10:16:16,214 - __main__ - ERROR - Error importing nhl_data_20232024_schedules.csv to games table: 'REPLACE' is not valid for if_exists
2025-03-28 10:16:16,220 - __main__ - ERROR - Error importing data\schedule_20232024.csv to games: 'REPLACE' is not valid for if_exists
2025-03-28 10:16:16,220 - __main__ - ERROR - Error importing schedule_20232024.csv to games table: 'REPLACE' is not valid for if_exists
2025-03-28 10:16:16,222 - __main__ - INFO - Database indexes created successfully
2025-03-28 10:16:16,223 - __main__ - INFO - Import statistics: {'teams': 0, 'schedules': 0, 'players': 0, 'game_logs': 0}
2025-03-28 10:16:16,223 - __main__ - INFO - Database setup complete: kopitar/database/nhl_performance.db
2025-03-28 10:28:08,479 - __main__ - INFO - Removed existing database: kopitar/database/nhl_performance.db
2025-03-28 10:28:08,728 - __main__ - INFO - Connected to database: kopitar/database/nhl_performance.db
2025-03-28 10:28:11,690 - __main__ - INFO - Database tables created successfully
2025-03-28 10:28:11,692 - __main__ - INFO - Database tables created successfully
2025-03-28 10:28:15,286 - __main__ - INFO - Database indexes created successfully
2025-03-28 10:28:15,286 - __main__ - INFO - Importing data from directory: data
2025-03-28 10:28:16,775 - __main__ - INFO - Imported 33 rows from nhl_data_20232024_teams.csv into teams table
2025-03-28 10:28:17,863 - __main__ - INFO - Imported 33 rows from teams_20232024.csv into teams table
2025-03-28 10:28:18,594 - __main__ - INFO - Imported 54 rows from nhl_data_20232024_schedules.csv into games table
2025-03-28 10:28:19,168 - __main__ - INFO - Imported 54 rows from schedule_20232024.csv into games table
2025-03-28 10:29:19,959 - __main__ - INFO - Removed existing database: kopitar/database/nhl_performance.db
2025-03-28 10:29:19,960 - __main__ - INFO - Connected to database: kopitar/database/nhl_performance.db
2025-03-28 10:29:22,416 - __main__ - INFO - Database tables created successfully
2025-03-28 10:29:22,437 - __main__ - INFO - Database tables created successfully
2025-03-28 10:29:28,759 - __main__ - INFO - Database indexes created successfully
2025-03-28 10:29:28,759 - __main__ - INFO - Importing data from directory: data
2025-03-28 10:29:30,214 - __main__ - INFO - Imported 33 rows from nhl_data_20232024_teams.csv into teams table
2025-03-28 10:29:30,890 - __main__ - INFO - Imported 33 rows from teams_20232024.csv into teams table
2025-03-28 10:29:31,465 - __main__ - INFO - Imported 54 rows from nhl_data_20232024_schedules.csv into games table
2025-03-28 10:29:32,165 - __main__ - INFO - Imported 54 rows from schedule_20232024.csv into games table
2025-03-28 10:29:33,621 - __main__ - INFO - Database indexes created successfully
2025-03-28 10:29:33,621 - __main__ - INFO - Import statistics: {'teams': 66, 'schedules': 108, 'players': 0, 'game_logs': 0}
2025-03-28 10:29:33,621 - __main__ - INFO - Database setup complete: kopitar/database/nhl_performance.db
2025-03-28 10:30:29,621 - __main__ - INFO - Connected to database: D:\Python\Kopitar\kopitar\database\nhl_performance.db
2025-03-28 10:30:29,624 - __main__ - INFO - Database tables created successfully
2025-03-28 10:30:29,625 - __main__ - INFO - Database tables created successfully
2025-03-28 10:30:29,626 - __main__ - INFO - Database indexes created successfully
2025-03-28 10:30:29,627 - __main__ - INFO - Importing data from directory: D:\Python\Kopitar\kopitar\data
2025-03-28 10:30:30,376 - __main__ - INFO - Imported 66 rows from nhl_data_20222023_20232024_RP_GDF_teams.csv into teams table
2025-03-28 10:30:31,029 - __main__ - INFO - Imported 33 rows from nhl_data_20232024_R_GDF_teams.csv into teams table
2025-03-28 10:30:32,126 - __main__ - INFO - Imported 33 rows from teams_20222023.csv into teams table
2025-03-28 10:30:32,765 - __main__ - INFO - Imported 33 rows from teams_20232024.csv into teams table
2025-03-28 10:30:33,271 - __main__ - INFO - Imported 108 rows from nhl_data_20222023_20232024_RP_GDF_schedules.csv into games table
2025-03-28 10:30:33,969 - __main__ - INFO - Imported 54 rows from nhl_data_20232024_R_GDF_schedules.csv into games table
2025-03-28 10:30:34,450 - __main__ - INFO - Imported 54 rows from schedule_R_20222023.csv into games table
2025-03-28 10:30:34,917 - __main__ - INFO - Imported 54 rows from schedule_R_20232024.csv into games table
2025-03-28 10:30:37,586 - __main__ - INFO - Database indexes created successfully
2025-03-28 10:30:37,586 - __main__ - INFO - Import statistics: {'teams': 165, 'schedules': 270, 'players': 0, 'game_logs': 0}
2025-03-28 10:30:37,586 - __main__ - INFO - Database setup complete: D:\Python\Kopitar\kopitar\database\nhl_performance.db
2025-03-28 10:59:14,748 - __main__ - INFO - Removed existing database: kopitar/database/nhl_performance.db
2025-03-28 10:59:14,793 - __main__ - INFO - Connected to database: kopitar/database/nhl_performance.db
2025-03-28 10:59:16,103 - __main__ - INFO - Database tables created successfully
2025-03-28 10:59:16,114 - __main__ - INFO - Database tables created successfully
2025-03-28 10:59:19,792 - __main__ - INFO - Database indexes created successfully
2025-03-28 10:59:19,792 - __main__ - INFO - Importing data from directory: data
2025-03-28 10:59:20,354 - __main__ - INFO - Imported 33 rows from nhl_data_20232024_teams.csv into teams table
2025-03-28 10:59:20,819 - __main__ - INFO - Imported 33 rows from teams_20232024.csv into teams table
2025-03-28 10:59:22,302 - __main__ - INFO - Imported 54 rows from nhl_data_20232024_schedules.csv into games table
2025-03-28 10:59:23,474 - __main__ - INFO - Imported 54 rows from schedule_20232024.csv into games table
2025-03-28 10:59:24,403 - __main__ - INFO - Database indexes created successfully
2025-03-28 10:59:24,403 - __main__ - INFO - Import statistics: {'teams': 66, 'schedules': 108, 'players': 0, 'game_logs': 0}
2025-03-28 10:59:24,403 - __main__ - INFO - Database setup complete: kopitar/database/nhl_performance.db
2025-03-28 11:04:30,244 - __main__ - INFO - Connected to database: D:\Python\Kopitar\kopitar\database\nhl_performance.db
2025-03-28 11:04:30,246 - __main__ - INFO - Database tables created successfully
2025-03-28 11:04:30,246 - __main__ - INFO - Database tables created successfully
2025-03-28 11:04:30,249 - __main__ - INFO - Database indexes created successfully
2025-03-28 11:04:30,249 - __main__ - INFO - Importing data from directory: D:\Python\Kopitar\kopitar\data
2025-03-28 11:04:31,827 - __main__ - INFO - Imported 66 rows from nhl_data_20222023_20232024_RP_GDF_teams.csv into teams table
2025-03-28 11:04:32,152 - __main__ - INFO - Imported 33 rows from nhl_data_20232024_R_GDF_teams.csv into teams table
2025-03-28 11:04:32,503 - __main__ - INFO - Imported 33 rows from teams_20222023.csv into teams table
2025-03-28 11:04:32,887 - __main__ - INFO - Imported 33 rows from teams_20232024.csv into teams table
2025-03-28 11:04:33,354 - __main__ - INFO - Imported 108 rows from nhl_data_20222023_20232024_RP_GDF_schedules.csv into games table
2025-03-28 11:04:33,794 - __main__ - INFO - Imported 54 rows from nhl_data_20232024_R_GDF_schedules.csv into games table
2025-03-28 11:04:34,274 - __main__ - INFO - Imported 54 rows from schedule_R_20222023.csv into games table
2025-03-28 11:04:34,777 - __main__ - INFO - Imported 54 rows from schedule_R_20232024.csv into games table
2025-03-28 11:04:35,634 - __main__ - INFO - Database indexes created successfully
2025-03-28 11:04:35,634 - __main__ - INFO - Import statistics: {'teams': 165, 'schedules': 270, 'players': 0, 'game_logs': 0}
2025-03-28 11:04:35,634 - __main__ - INFO - Database setup complete: D:\Python\Kopitar\kopitar\database\nhl_performance.db
2025-03-28 11:06:05,639 - __main__ - INFO - Removed existing database: kopitar/database/nhl_performance.db
2025-03-28 11:06:05,641 - __main__ - INFO - Connected to database: kopitar/database/nhl_performance.db
2025-03-28 11:06:06,768 - __main__ - INFO - Database tables created successfully
2025-03-28 11:06:06,769 - __main__ - INFO - Database tables created successfully
2025-03-28 11:06:11,074 - __main__ - INFO - Database indexes created successfully
2025-03-28 11:06:11,075 - __main__ - INFO - Importing data from directory: data
2025-03-28 11:06:11,745 - __main__ - INFO - Imported 33 rows from nhl_data_20232024_teams.csv into teams table
2025-03-28 11:06:13,525 - __main__ - INFO - Imported 33 rows from teams_20232024.csv into teams table
2025-03-28 11:06:13,944 - __main__ - INFO - Imported 54 rows from nhl_data_20232024_schedules.csv into games table
2025-03-28 11:06:14,409 - __main__ - INFO - Imported 54 rows from schedule_20232024.csv into games table
2025-03-28 11:06:16,194 - __main__ - INFO - Database indexes created successfully
2025-03-28 11:06:16,284 - __main__ - INFO - Import statistics: {'teams': 66, 'schedules': 108, 'players': 0, 'game_logs': 0}
2025-03-28 11:06:16,325 - __main__ - INFO - Database setup complete: kopitar/database/nhl_performance.db
2025-03-28 11:07:50,949 - __main__ - INFO - Removed existing database: kopitar/database/nhl_performance.db
2025-03-28 11:07:50,951 - __main__ - INFO - Connected to database: kopitar/database/nhl_performance.db
2025-03-28 11:07:52,114 - __main__ - INFO - Database tables created successfully
2025-03-28 11:07:52,115 - __main__ - INFO - Database tables created successfully
2025-03-28 11:07:56,464 - __main__ - INFO - Database indexes created successfully
2025-03-28 11:07:56,465 - __main__ - INFO - Importing data from directory: data
2025-03-28 11:07:56,604 - __main__ - INFO - Imported 33 rows from nhl_data_20232024_teams.csv into teams table
2025-03-28 11:07:57,151 - __main__ - INFO - Imported 33 rows from teams_20232024.csv into teams table
2025-03-28 11:07:58,123 - __main__ - INFO - Imported 54 rows from nhl_data_20232024_schedules.csv into games table
2025-03-28 11:07:59,163 - __main__ - INFO - Imported 54 rows from schedule_20232024.csv into games table
2025-03-28 11:07:59,200 - __main__ - INFO - Database indexes created successfully
2025-03-28 11:07:59,236 - __main__ - INFO - Import statistics: {'teams': 66, 'schedules': 108, 'players': 0, 'game_logs': 0}
2025-03-28 11:07:59,277 - __main__ - INFO - Database setup complete: kopitar/database/nhl_performance.db
